
> seckill-frontend@0.0.0 dev
> vite

[2m13:11:04[22m [36m[1m[vite][22m[39m [90m[2m(client)[22m[39m Re-optimizing dependencies because vite config has changed

  [32m[1mVITE[22m v8.0.14[39m  [2mready in [0m[1m2657[22m[2m[0m ms[22m

  [32m➜[39m  [1mLocal[22m:   [36mhttp://localhost:[1m3000[22m/[39m
[2m  [32m➜[39m  [1mNetwork[22m[2m: use [22m[1m--host[22m[2m to expose[22m
[2m13:13:54[22m [31m[1m[vite][22m[39m [31m[2m(client)[22m[39m [2m[console.error] [22m响应错误: /user/register 500 {"code":500,"message":"服务器内部错误","data":null,"timestamp":1779945234240,"success":false}
[2m13:13:54[22m [31m[1m[vite][22m[39m [31m[2m(client)[22m[39m [2m[console.error] [22m请求失败: AxiosError: Request failed with status code 500
    at settle (http://localhost:3000/node_modules/.vite/deps/axios.js?v=45206c63:1738:14)
    at XMLHttpRequest.onloadend (http://localhost:3000/node_modules/.vite/deps/axios.js?v=45206c63:2091:4)
[2m13:45:17[22m [31m[1m[vite][22m[39m [31m[2m(client)[22m[39m [2m[console.error] [22m响应错误: http://localhost:8081/chat undefined undefined
[2m13:47:44[22m [36m[1m[vite][22m[39m [90m[2m(client)[22m[39m [32mhmr update [39m[2m/src/components/AIChatWidget.tsx[22m
[2m13:47:59[22m [36m[1m[vite][22m[39m [90m[2m(client)[22m[39m [32mhmr update [39m[2m/src/components/AIChatWidget.tsx[22m
[2m13:58:26[22m [31m[1m[vite][22m[39m [31m[2m(client)[22m[39m [2m[console.error] [22m响应错误: http://localhost:8099/chat 500 {"detail":"Agent 处理失败: 'function' object has no attribute 'get'"}
[2m13:58:30[22m [31m[1m[vite][22m[39m [31m[2m(client)[22m[39m [2m[console.error] [22m响应错误: http://localhost:8099/chat 500 {"detail":"Agent 处理失败: 'function' object has no attribute 'get'"}
[2m13:58:41[22m [31m[1m[vite][22m[39m [31m[2m(client)[22m[39m [2m[console.error] [22m响应错误: http://localhost:8099/chat 500 {"detail":"Agent 处理失败: 'function' object has no attribute 'get'"}
[2m14:01:09[22m [31m[1m[vite][22m[39m [31m[2m(client)[22m[39m [2m[console.error] [22m响应错误: http://localhost:8099/chat 500 {"detail":"Agent 处理失败: 'function' object has no attribute 'get'"}
[2m16:53:33[22m [36m[1m[vite][22m[39m [90m[2m(client)[22m[39m [32mhmr update [39m[2m/src/components/AIChatWidget.tsx[22m
[2m16:55:47[22m [36m[1m[vite][22m[39m [90m[2m(client)[22m[39m [32mhmr update [39m[2m/src/index.css[22m
[2m16:56:45[22m [36m[1m[vite][22m[39m [90m[2m(client)[22m[39m [32mhmr update [39m[2m/src/pages/Login.tsx[22m
[2m16:57:38[22m [36m[1m[vite][22m[39m [90m[2m(client)[22m[39m [32mhmr update [39m[2m/src/pages/GoodsList.tsx[22m
[2m16:58:21[22m [36m[1m[vite][22m[39m [90m[2m(client)[22m[39m [32mhmr update [39m[2m/src/pages/GoodsDetail.tsx[22m
[2m16:59:22[22m [36m[1m[vite][22m[39m [90m[2m(client)[22m[39m [32mhmr update [39m[2m/src/pages/MyOrders.tsx[22m
[2m17:11:08[22m [36m[1m[vite][22m[39m [90m[2m(client)[22m[39m [32mhmr update [39m[2m/src/App.tsx[22m
[2m17:13:11[22m [36m[1m[vite][22m[39m [90m[2m(client)[22m[39m [32mhmr update [39m[2m/src/pages/SellerDashboard.tsx[22m
[2m18:08:32[22m [36m[1m[vite][22m[39m [90m[2m(client)[22m[39m [32mhmr update [39m[2m/src/pages/MyOrders.tsx[22m
[2m18:08:36[22m [36m[1m[vite][22m[39m [90m[2m(client)[22m[39m [32mhmr update [39m[2m/src/pages/MyOrders.tsx[22m
[2m18:08:47[22m [36m[1m[vite][22m[39m [90m[2m(client)[22m[39m [32mhmr update [39m[2m/src/pages/MyOrders.tsx[22m
[2m18:08:55[22m [36m[1m[vite][22m[39m [90m[2m(client)[22m[39m [32mhmr update [39m[2m/src/pages/MyOrders.tsx[22m
[2m19:15:19[22m [36m[1m[vite][22m[39m [90m[2m(client)[22m[39m [32mhmr update [39m[2m/src/components/AIChatWidget.tsx[22m
[2m19:15:19[22m [36m[1m[vite][22m[39m [90m[2m(client)[22m[39m [32mhmr update [39m[2m/src/pages/SellerDashboard.tsx[22m
[2m19:21:33[22m [36m[1m[vite][22m[39m [90m[2m(client)[22m[39m [32mhmr update [39m[2m/src/pages/GoodsList.tsx[22m
[2m19:21:49[22m [36m[1m[vite][22m[39m [90m[2m(client)[22m[39m [32mhmr update [39m[2m/src/index.css[22m
[2m19:22:01[22m [36m[1m[vite][22m[39m [90m[2m(client)[22m[39m [32mhmr update [39m[2m/src/pages/SellerDashboard.tsx[22m
[2m19:22:07[22m [36m[1m[vite][22m[39m [90m[2m(client)[22m[39m [32mhmr update [39m[2m/src/pages/SellerDashboard.tsx[22m
[2m19:22:18[22m [36m[1m[vite][22m[39m [90m[2m(client)[22m[39m [32mhmr update [39m[2m/src/pages/SellerDashboard.tsx[22m
[2m19:22:41[22m [36m[1m[vite][22m[39m [90m[2m(client)[22m[39m [32mhmr update [39m[2m/src/pages/SellerDashboard.tsx[22m
[2m19:22:50[22m [36m[1m[vite][22m[39m [90m[2m(client)[22m[39m [32mhmr update [39m[2m/src/pages/SellerDashboard.tsx[22m
[2m19:22:57[22m [36m[1m[vite][22m[39m [90m[2m(client)[22m[39m [32mhmr update [39m[2m/src/pages/SellerDashboard.tsx[22m
[2m19:23:06[22m [36m[1m[vite][22m[39m [90m[2m(client)[22m[39m [32mhmr update [39m[2m/src/pages/SellerDashboard.tsx[22m
[2m19:23:13[22m [36m[1m[vite][22m[39m [90m[2m(client)[22m[39m [32mhmr update [39m[2m/src/pages/SellerDashboard.tsx[22m
[2m19:23:19[22m [36m[1m[vite][22m[39m [90m[2m(client)[22m[39m [32mhmr update [39m[2m/src/pages/SellerDashboard.tsx[22m
[2m19:23:24[22m [36m[1m[vite][22m[39m [90m[2m(client)[22m[39m [32mhmr update [39m[2m/src/pages/SellerDashboard.tsx[22m
[2m19:23:43[22m [36m[1m[vite][22m[39m [90m[2m(client)[22m[39m [32mhmr update [39m[2m/src/pages/SellerDashboard.tsx[22m
[2m19:23:54[22m [36m[1m[vite][22m[39m [90m[2m(client)[22m[39m [32mhmr update [39m[2m/src/pages/GoodsDetail.tsx[22m
[2m19:24:01[22m [36m[1m[vite][22m[39m [90m[2m(client)[22m[39m [32mhmr update [39m[2m/src/index.css[22m
[2m19:57:24[22m [31m[1m[vite][22m[39m [31m[2m(client)[22m[39m [2m[console.error] [22m响应错误: /goods/list/paged 500 {"code":500,"message":"服务器内部错误","data":null,"timestamp":1779969444365,"success":false}
[2m19:57:24[22m [31m[1m[vite][22m[39m [31m[2m(client)[22m[39m [2m[console.error] [22m响应错误: /goods/list/paged 500 {"code":500,"message":"服务器内部错误","data":null,"timestamp":1779969444418,"success":false}
[2m19:57:26[22m [31m[1m[vite][22m[39m [31m[2m(client)[22m[39m [2m[console.error] [22m响应错误: /goods/list/paged 500 {"code":500,"message":"服务器内部错误","data":null,"timestamp":1779969446248,"success":false}
[2m19:57:26[22m [31m[1m[vite][22m[39m [31m[2m(client)[22m[39m [2m[console.error] [22m响应错误: /goods/list/paged 500 {"code":500,"message":"服务器内部错误","data":null,"timestamp":1779969446619,"success":false}
[2m19:57:27[22m [31m[1m[vite][22m[39m [31m[2m(client)[22m[39m [2m[console.error] [22m响应错误: /goods/list/paged 500 {"code":500,"message":"服务器内部错误","data":null,"timestamp":1779969447442,"success":false}
[2m19:57:27[22m [31m[1m[vite][22m[39m [31m[2m(client)[22m[39m [2m[console.error] [22m响应错误: /goods/list/paged 500 {"code":500,"message":"服务器内部错误","data":null,"timestamp":1779969447797,"success":false}
[2m19:57:32[22m [31m[1m[vite][22m[39m [31m[2m(client)[22m[39m [2m[console.error] [22m响应错误: /goods/list/paged 500 {"code":500,"message":"服务器内部错误","data":null,"timestamp":1779969452113,"success":false}
[2m19:57:32[22m [31m[1m[vite][22m[39m [31m[2m(client)[22m[39m [2m[console.error] [22m响应错误: /goods/list/paged 500 {"code":500,"message":"服务器内部错误","data":null,"timestamp":1779969452366,"success":false}
[2m19:57:32[22m [31m[1m[vite][22m[39m [31m[2m(client)[22m[39m [2m[console.error] [22m响应错误: /goods/list/paged 500 {"code":500,"message":"服务器内部错误","data":null,"timestamp":1779969452646,"success":false}
[2m19:57:33[22m [31m[1m[vite][22m[39m [31m[2m(client)[22m[39m [2m[console.error] [22m响应错误: /goods/list/paged 500 {"code":500,"message":"服务器内部错误","data":null,"timestamp":1779969453573,"success":false}
[2m19:57:33[22m [31m[1m[vite][22m[39m [31m[2m(client)[22m[39m [2m[console.error] [22m响应错误: /goods/list/paged 500 {"code":500,"message":"服务器内部错误","data":null,"timestamp":1779969453833,"success":false}
[2m19:57:34[22m [31m[1m[vite][22m[39m [31m[2m(client)[22m[39m [2m[console.error] [22m响应错误: /goods/list/paged 500 {"code":500,"message":"服务器内部错误","data":null,"timestamp":1779969454077,"success":false}
[2m19:57:34[22m [31m[1m[vite][22m[39m [31m[2m(client)[22m[39m [2m[console.error] [22m响应错误: /goods/list/paged 500 {"code":500,"message":"服务器内部错误","data":null,"timestamp":1779969454720,"success":false}
[2m19:57:40[22m [31m[1m[vite][22m[39m [31m[2m(client)[22m[39m [2m[console.error] [22m响应错误: /goods/list/paged 500 {"code":500,"message":"服务器内部错误","data":null,"timestamp":1779969460245,"success":false}
[2m19:57:40[22m [31m[1m[vite][22m[39m [31m[2m(client)[22m[39m [2m[console.error] [22m响应错误: /goods/list/paged 500 {"code":500,"message":"服务器内部错误","data":null,"timestamp":1779969460559,"success":false}
[2m20:31:22[22m [31m[1m[vite][22m[39m [31m[2m(client)[22m[39m [2m[console.error] [22m响应错误: /goods/list/paged 500 {"code":500,"message":"服务器内部错误","data":null,"timestamp":1779971482210,"success":false}
[2m20:31:22[22m [31m[1m[vite][22m[39m [31m[2m(client)[22m[39m [2m[console.error] [22m响应错误: /goods/list/paged 500 {"code":500,"message":"服务器内部错误","data":null,"timestamp":1779971482262,"success":false}
[2m20:31:23[22m [31m[1m[vite][22m[39m [31m[2m(client)[22m[39m [2m[console.error] [22m响应错误: /goods/list/paged 500 {"code":500,"message":"服务器内部错误","data":null,"timestamp":1779971483620,"success":false}
[2m20:31:23[22m [31m[1m[vite][22m[39m [31m[2m(client)[22m[39m [2m[console.error] [22m响应错误: /goods/list/paged 500 {"code":500,"message":"服务器内部错误","data":null,"timestamp":1779971483632,"success":false}
[2m20:31:24[22m [31m[1m[vite][22m[39m [31m[2m(client)[22m[39m [2m[console.error] [22m响应错误: /goods/list/paged 500 {"code":500,"message":"服务器内部错误","data":null,"timestamp":1779971484647,"success":false}
[2m20:31:24[22m [31m[1m[vite][22m[39m [31m[2m(client)[22m[39m [2m[console.error] [22m响应错误: /goods/list/paged 500 {"code":500,"message":"服务器内部错误","data":null,"timestamp":1779971484658,"success":false}
